[0m08:29:07.311402 [debug] [MainThread]: Sending event: {'category': 'dbt', 'action': 'invocation', 'label': 'start', 'context': [<snowplow_tracker.self_describing_json.SelfDescribingJson object at 0x000001453C3C1400>, <snowplow_tracker.self_describing_json.SelfDescribingJson object at 0x0000014539F80050>, <snowplow_tracker.self_describing_json.SelfDescribingJson object at 0x000001453E517D90>]}


============================== 08:29:07.357758 | 5a5342c1-ad2d-4874-980a-1b33ba16be7c ==============================
[0m08:29:07.357758 [info ] [MainThread]: Running with dbt=1.11.7
[0m08:29:07.358360 [debug] [MainThread]: running dbt with arguments {'version_check': 'True', 'no_print': 'None', 'static_parser': 'True', 'target_path': 'None', 'warn_error_options': 'WarnErrorOptionsV2(error=[], warn=[], silence=[])', 'printer_width': '80', 'write_json': 'True', 'introspect': 'True', 'log_cache_events': 'False', 'empty': 'None', 'cache_selected_only': 'False', 'fail_fast': 'False', 'debug': 'False', 'log_format': 'default', 'profiles_dir': 'C:\\Users\\KillerBaba\\.dbt', 'send_anonymous_usage_stats': 'True', 'quiet': 'False', 'warn_error': 'None', 'partial_parse': 'True', 'indirect_selection': 'eager', 'use_colors': 'True', 'invocation_command': 'dbt init', 'use_experimental_parser': 'False', 'log_path': 'logs'}
[0m08:29:07.424886 [info ] [MainThread]: Creating dbt configuration folder at C:\Users\KillerBaba\.dbt
[0m08:29:44.794789 [debug] [MainThread]: Starter project path: C:\Users\KillerBaba\OneDrive\Documents\VS Code\dbt_projects\.venv\Lib\site-packages\dbt\include\starter_project
[0m08:29:44.823813 [info ] [MainThread]: 
Your new dbt project "killer_dbt_workspace" was created!

For more information on how to configure the profiles.yml file,
please consult the dbt documentation here:

  https://docs.getdbt.com/docs/configure-your-profile

One more thing:

Need help? Don't hesitate to reach out to us via GitHub issues or on Slack:

  https://community.getdbt.com/

Happy modeling!

[0m08:29:44.824352 [info ] [MainThread]: Setting up your profile.
[0m08:30:33.170730 [debug] [MainThread]: Spark adapter: Setting pyhive.hive logging to ERROR
[0m08:30:33.171158 [debug] [MainThread]: Spark adapter: Setting thrift.transport logging to ERROR
[0m08:30:33.171488 [debug] [MainThread]: Spark adapter: Setting thrift.protocol logging to ERROR
[0m08:34:42.831103 [info ] [MainThread]: Profile killer_dbt_workspace written to C:\Users\KillerBaba\.dbt\profiles.yml using target's profile_template.yml and your supplied values. Run 'dbt debug' to validate the connection.
[0m08:34:42.832331 [debug] [MainThread]: Command `dbt init` succeeded at 08:34:42.832211 after 335.62 seconds
[0m08:34:42.832639 [debug] [MainThread]: Sending event: {'category': 'dbt', 'action': 'invocation', 'label': 'end', 'context': [<snowplow_tracker.self_describing_json.SelfDescribingJson object at 0x000001453E6188A0>, <snowplow_tracker.self_describing_json.SelfDescribingJson object at 0x000001453E5AAC30>, <snowplow_tracker.self_describing_json.SelfDescribingJson object at 0x0000014540EA5040>]}
[0m08:34:42.832886 [debug] [MainThread]: Flushing usage events
[0m08:34:44.088374 [debug] [MainThread]: An error was encountered while trying to flush usage events
[0m08:34:54.701268 [debug] [MainThread]: Sending event: {'category': 'dbt', 'action': 'invocation', 'label': 'start', 'context': [<snowplow_tracker.self_describing_json.SelfDescribingJson object at 0x00000134DCCD1400>, <snowplow_tracker.self_describing_json.SelfDescribingJson object at 0x00000134DA880050>, <snowplow_tracker.self_describing_json.SelfDescribingJson object at 0x00000134DEE27D90>]}


============================== 08:34:54.704716 | 9c2273f6-dd6c-44e2-959c-5a86154f4394 ==============================
[0m08:34:54.704716 [info ] [MainThread]: Running with dbt=1.11.7
[0m08:34:54.705237 [debug] [MainThread]: running dbt with arguments {'static_parser': 'True', 'no_print': 'None', 'version_check': 'True', 'warn_error_options': 'WarnErrorOptionsV2(error=[], warn=[], silence=[])', 'target_path': 'None', 'printer_width': '80', 'write_json': 'True', 'introspect': 'True', 'log_cache_events': 'False', 'empty': 'None', 'cache_selected_only': 'False', 'fail_fast': 'False', 'debug': 'False', 'log_format': 'default', 'partial_parse': 'True', 'send_anonymous_usage_stats': 'True', 'quiet': 'False', 'warn_error': 'None', 'profiles_dir': 'C:\\Users\\KillerBaba\\.dbt', 'use_colors': 'True', 'invocation_command': 'dbt debug', 'indirect_selection': 'eager', 'use_experimental_parser': 'False', 'log_path': 'logs'}
[0m08:34:54.726742 [info ] [MainThread]: dbt version: 1.11.7
[0m08:34:54.727179 [info ] [MainThread]: python version: 3.13.11
[0m08:34:54.727521 [info ] [MainThread]: python path: C:\Users\KillerBaba\OneDrive\Documents\VS Code\dbt_projects\.venv\Scripts\python.exe
[0m08:34:54.727816 [info ] [MainThread]: os info: Windows-11-10.0.26200-SP0
[0m08:34:55.414568 [debug] [MainThread]: Spark adapter: Setting pyhive.hive logging to ERROR
[0m08:34:55.414923 [debug] [MainThread]: Spark adapter: Setting thrift.transport logging to ERROR
[0m08:34:55.415113 [debug] [MainThread]: Spark adapter: Setting thrift.protocol logging to ERROR
[0m08:34:55.983784 [info ] [MainThread]: Using profiles dir at C:\Users\KillerBaba\.dbt
[0m08:34:55.988160 [info ] [MainThread]: Using profiles.yml file at C:\Users\KillerBaba\.dbt\profiles.yml
[0m08:34:55.988490 [info ] [MainThread]: Using dbt_project.yml file at C:\Users\KillerBaba\OneDrive\Documents\VS Code\dbt_projects\dbt_project.yml
[0m08:34:55.988779 [info ] [MainThread]: adapter type: databricks
[0m08:34:55.989025 [info ] [MainThread]: adapter version: 1.10.9
[0m08:34:55.989372 [info ] [MainThread]: Configuration:
[0m08:34:55.989671 [info ] [MainThread]:   profiles.yml file [[32mOK found and valid[0m]
[0m08:34:55.989938 [info ] [MainThread]:   dbt_project.yml file [[31mERROR not found[0m]
[0m08:34:55.990192 [info ] [MainThread]: Required dependencies:
[0m08:34:55.990648 [debug] [MainThread]: Executing "git --help"
[0m08:34:56.020540 [debug] [MainThread]: STDOUT: "b"usage: git [-v | --version] [-h | --help] [-C <path>] [-c <name>=<value>]\n           [--exec-path[=<path>]] [--html-path] [--man-path] [--info-path]\n           [-p | --paginate | -P | --no-pager] [--no-replace-objects] [--no-lazy-fetch]\n           [--no-optional-locks] [--no-advice] [--bare] [--git-dir=<path>]\n           [--work-tree=<path>] [--namespace=<name>] [--config-env=<name>=<envvar>]\n           <command> [<args>]\n\nThese are common Git commands used in various situations:\n\nstart a working area (see also: git help tutorial)\n   clone      Clone a repository into a new directory\n   init       Create an empty Git repository or reinitialize an existing one\n\nwork on the current change (see also: git help everyday)\n   add        Add file contents to the index\n   mv         Move or rename a file, a directory, or a symlink\n   restore    Restore working tree files\n   rm         Remove files from the working tree and from the index\n\nexamine the history and state (see also: git help revisions)\n   bisect     Use binary search to find the commit that introduced a bug\n   diff       Show changes between commits, commit and working tree, etc\n   grep       Print lines matching a pattern\n   log        Show commit logs\n   show       Show various types of objects\n   status     Show the working tree status\n\ngrow, mark and tweak your common history\n   backfill   Download missing objects in a partial clone\n   branch     List, create, or delete branches\n   commit     Record changes to the repository\n   merge      Join two or more development histories together\n   rebase     Reapply commits on top of another base tip\n   reset      Set `HEAD` or the index to a known state\n   switch     Switch branches\n   tag        Create, list, delete or verify tags\n\ncollaborate (see also: git help workflows)\n   fetch      Download objects and refs from another repository\n   pull       Fetch from and integrate with another repository or a local branch\n   push       Update remote refs along with associated objects\n\n'git help -a' and 'git help -g' list available subcommands and some\nconcept guides. See 'git help <command>' or 'git help <concept>'\nto read about a specific subcommand or concept.\nSee 'git help git' for an overview of the system.\n""
[0m08:34:56.020936 [debug] [MainThread]: STDERR: "b''"
[0m08:34:56.021202 [info ] [MainThread]:  - git [[32mOK found[0m]

[0m08:34:56.021496 [info ] [MainThread]: Connection:
[0m08:34:56.021769 [info ] [MainThread]:   host: dbc-08391ee7-7d29.cloud.databricks.com
[0m08:34:56.022004 [info ] [MainThread]:   http_path: /sql/1.0/warehouses/57caa47e788750dc
[0m08:34:56.022425 [info ] [MainThread]:   catalog: dbt_tutorial
[0m08:34:56.022698 [info ] [MainThread]:   schema: default
[0m08:34:56.023110 [info ] [MainThread]: Registered adapter: databricks=1.10.9
[0m08:34:56.369935 [debug] [MainThread]: Databricks adapter: DatabricksDBTConnection(session-id=None, name=debug) - Creating connection
[0m08:34:56.370379 [debug] [MainThread]: Acquiring new databricks connection 'debug'
[0m08:34:56.370571 [debug] [MainThread]: Using databricks connection "debug"
[0m08:34:56.370774 [debug] [MainThread]: On debug: select 1 as id
[0m08:34:56.370961 [debug] [MainThread]: Opening a new connection, currently in state init
[0m08:34:58.618183 [debug] [MainThread]: Databricks adapter: Connection(session-id=01f121ae-15d1-1d61-b757-35eb4a0ddb20) - Created
[0m08:34:59.389399 [debug] [MainThread]: SQL status: OK in 3.020 seconds
[0m08:34:59.390062 [debug] [MainThread]: Databricks adapter: Cursor(session-id=01f121ae-15d1-1d61-b757-35eb4a0ddb20, command-id=01f121ae-1695-18e0-af61-901a261f3c8d) - Closing
[0m08:34:59.390322 [debug] [MainThread]: On debug: Close
[0m08:34:59.390494 [debug] [MainThread]: Databricks adapter: Connection(session-id=01f121ae-15d1-1d61-b757-35eb4a0ddb20) - Closing
[0m08:34:59.688244 [info ] [MainThread]:   Connection test: [[32mOK connection ok[0m]

[0m08:34:59.688991 [info ] [MainThread]: [31m1 check failed:[0m
[0m08:34:59.689386 [info ] [MainThread]: Project loading failed for the following reason:
 project path <C:\Users\KillerBaba\OneDrive\Documents\VS Code\dbt_projects\dbt_project.yml> not found

[0m08:34:59.690420 [debug] [MainThread]: Command `dbt debug` failed at 08:34:59.690314 after 5.10 seconds
[0m08:34:59.690789 [debug] [MainThread]: Sending event: {'category': 'dbt', 'action': 'invocation', 'label': 'end', 'context': [<snowplow_tracker.self_describing_json.SelfDescribingJson object at 0x00000134814C88A0>, <snowplow_tracker.self_describing_json.SelfDescribingJson object at 0x000001348141AF90>, <snowplow_tracker.self_describing_json.SelfDescribingJson object at 0x00000134E01E9F20>]}
[0m08:34:59.691108 [debug] [MainThread]: Flushing usage events
[0m08:35:00.863143 [debug] [MainThread]: An error was encountered while trying to flush usage events
